---
source: crates/tooling/sysml-lsp-server/src/snapshot_tests.rs
assertion_line: 826
expression: rendered
---
4:1..4:8  "package"  KEYWORD  []
4:1..81:2  "package Definitions {\n    import Sca..."  NAMESPACE  [definition]
5:5..5:11  "import"  KEYWORD  []
5:5..5:28  "import ScalarValues::*;"  NAMESPACE  []
5:12..5:24  "ScalarValues"  NAMESPACE  []
5:24..5:26  "::"  OPERATOR  []
5:26..5:27  "*"  OPERATOR  []
5:27..5:28  ";"  OPERATOR  []
6:5..6:11  "import"  KEYWORD  []
6:5..6:18  "import SI::*;"  NAMESPACE  []
6:12..6:14  "SI"  NAMESPACE  []
6:14..6:16  "::"  OPERATOR  []
6:16..6:17  "*"  OPERATOR  []
6:17..6:18  ";"  OPERATOR  []
9:5..9:14  "attribute"  KEYWORD  []
9:5..9:56  "attribute def Temperature :> ISQ::Tem..."  CLASS  [definition]
9:15..9:18  "def"  KEYWORD  []
9:31..9:33  ":>"  OPERATOR  []
9:34..9:37  "ISQ"  TYPE  []
9:34..9:55  "ISQ::TemperatureValue"  TYPE  []
9:37..9:39  "::"  OPERATOR  []
9:39..9:55  "TemperatureValue"  TYPE  []
9:55..9:56  ";"  OPERATOR  []
10:5..10:14  "attribute"  KEYWORD  []
10:5..10:50  "attribute def Pressure :> ISQ::Pressu..."  CLASS  [definition]
10:15..10:18  "def"  KEYWORD  []
10:28..10:30  ":>"  OPERATOR  []
10:31..10:34  "ISQ"  TYPE  []
10:31..10:49  "ISQ::PressureValue"  TYPE  []
10:34..10:36  "::"  OPERATOR  []
10:36..10:49  "PressureValue"  TYPE  []
10:49..10:50  ";"  OPERATOR  []
11:5..11:14  "attribute"  KEYWORD  []
11:5..11:42  "attribute def Mass :> ISQ::MassValue;"  CLASS  [definition]
11:15..11:18  "def"  KEYWORD  []
11:24..11:26  ":>"  OPERATOR  []
11:27..11:30  "ISQ"  TYPE  []
11:27..11:41  "ISQ::MassValue"  TYPE  []
11:30..11:32  "::"  OPERATOR  []
11:32..11:41  "MassValue"  TYPE  []
11:41..11:42  ";"  OPERATOR  []
12:5..12:14  "attribute"  KEYWORD  []
12:5..12:50  "attribute def Duration :> ISQ::Durati..."  CLASS  [definition]
12:15..12:18  "def"  KEYWORD  []
12:28..12:30  ":>"  OPERATOR  []
12:31..12:34  "ISQ"  TYPE  []
12:31..12:49  "ISQ::DurationValue"  TYPE  []
12:34..12:36  "::"  OPERATOR  []
12:36..12:49  "DurationValue"  TYPE  []
12:49..12:50  ";"  OPERATOR  []
15:5..15:9  "item"  KEYWORD  []
15:5..15:20  "item def Water;"  CLASS  [definition]
15:10..15:13  "def"  KEYWORD  []
15:19..15:20  ";"  OPERATOR  []
16:5..16:9  "item"  KEYWORD  []
16:5..16:26  "item def CoffeeBeans;"  CLASS  [definition]
16:10..16:13  "def"  KEYWORD  []
16:25..16:26  ";"  OPERATOR  []
17:5..17:9  "item"  KEYWORD  []
17:5..17:27  "item def GroundCoffee;"  CLASS  [definition]
17:10..17:13  "def"  KEYWORD  []
17:26..17:27  ";"  OPERATOR  []
18:5..18:9  "item"  KEYWORD  []
18:5..18:27  "item def BrewedCoffee;"  CLASS  [definition]
18:10..18:13  "def"  KEYWORD  []
18:26..18:27  ";"  OPERATOR  []
19:5..19:9  "item"  KEYWORD  []
19:5..19:20  "item def Steam;"  CLASS  [definition]
19:10..19:13  "def"  KEYWORD  []
19:19..19:20  ";"  OPERATOR  []
22:5..22:9  "part"  KEYWORD  []
22:5..34:6  "part def CoffeeMachine {\n        doc..."  CLASS  [definition]
22:10..22:13  "def"  KEYWORD  []
23:9..23:79  "doc /* A smart coffee machine with gr..."  TYPE  [definition]
23:9..23:79  "doc /* A smart coffee machine with gr..."  COMMENT  []
25:9..25:13  "part"  KEYWORD  []
25:9..25:32  "part grinder : Grinder;"  VARIABLE  [definition]
25:22..25:23  ":"  OPERATOR  []
25:24..25:31  "Grinder"  TYPE  []
25:24..25:31  "Grinder"  TYPE  []
25:31..25:32  ";"  OPERATOR  []
26:9..26:13  "part"  KEYWORD  []
26:9..26:30  "part brewer : Brewer;"  VARIABLE  [definition]
26:21..26:22  ":"  OPERATOR  []
26:23..26:29  "Brewer"  TYPE  []
26:23..26:29  "Brewer"  TYPE  []
26:29..26:30  ";"  OPERATOR  []
27:9..27:13  "part"  KEYWORD  []
27:9..27:36  "part waterTank : WaterTank;"  VARIABLE  [definition]
27:24..27:25  ":"  OPERATOR  []
27:26..27:35  "WaterTank"  TYPE  []
27:26..27:35  "WaterTank"  TYPE  []
27:35..27:36  ";"  OPERATOR  []
28:9..28:13  "part"  KEYWORD  []
28:9..28:36  "part steamWand : SteamWand;"  VARIABLE  [definition]
28:24..28:25  ":"  OPERATOR  []
28:26..28:35  "SteamWand"  TYPE  []
28:26..28:35  "SteamWand"  TYPE  []
28:35..28:36  ";"  OPERATOR  []
29:9..29:13  "part"  KEYWORD  []
29:9..29:42  "part controlPanel : ControlPanel;"  VARIABLE  [definition]
29:27..29:28  ":"  OPERATOR  []
29:29..29:41  "ControlPanel"  TYPE  []
29:29..29:41  "ControlPanel"  TYPE  []
29:41..29:42  ";"  OPERATOR  []
30:9..30:13  "part"  KEYWORD  []
30:9..30:36  "part cupSensor : CupSensor;"  VARIABLE  [definition]
30:24..30:25  ":"  OPERATOR  []
30:26..30:35  "CupSensor"  TYPE  []
30:26..30:35  "CupSensor"  TYPE  []
30:35..30:36  ";"  OPERATOR  []
31:9..31:13  "part"  KEYWORD  []
31:9..31:34  "part dripTray : DripTray;"  VARIABLE  [definition]
31:23..31:24  ":"  OPERATOR  []
31:25..31:33  "DripTray"  TYPE  []
31:25..31:33  "DripTray"  TYPE  []
31:33..31:34  ";"  OPERATOR  []
33:9..33:18  "attribute"  KEYWORD  []
33:9..33:41  "attribute serialNumber : String;"  PROPERTY  [definition]
33:32..33:33  ":"  OPERATOR  []
33:34..33:40  "String"  TYPE  []
33:34..33:40  "String"  TYPE  []
33:40..33:41  ";"  OPERATOR  []
36:5..36:9  "part"  KEYWORD  []
36:5..41:6  "part def Grinder {\n        doc /* Gr..."  CLASS  [definition]
36:10..36:13  "def"  KEYWORD  []
37:9..37:62  "doc /* Grinds coffee beans to a targe..."  TYPE  [definition]
37:9..37:62  "doc /* Grinds coffee beans to a targe..."  COMMENT  []
39:9..39:18  "attribute"  KEYWORD  []
39:9..39:36  "attribute grindSize : Real;"  PROPERTY  [definition]
39:29..39:30  ":"  OPERATOR  []
39:31..39:35  "Real"  TYPE  []
39:31..39:35  "Real"  TYPE  []
39:35..39:36  ";"  OPERATOR  []
40:9..40:18  "attribute"  KEYWORD  []
40:9..40:37  "attribute motorSpeed : Real;"  PROPERTY  [definition]
40:30..40:31  ":"  OPERATOR  []
40:32..40:36  "Real"  TYPE  []
40:32..40:36  "Real"  TYPE  []
40:36..40:37  ";"  OPERATOR  []
43:5..43:9  "part"  KEYWORD  []
43:5..49:6  "part def Brewer {\n        doc /* Hea..."  CLASS  [definition]
43:10..43:13  "def"  KEYWORD  []
44:9..44:68  "doc /* Heats water and forces it thro..."  TYPE  [definition]
44:9..44:68  "doc /* Heats water and forces it thro..."  COMMENT  []
46:9..46:18  "attribute"  KEYWORD  []
46:9..46:43  "attribute waterTemp : Temperature;"  PROPERTY  [definition]
46:29..46:30  ":"  OPERATOR  []
46:31..46:42  "Temperature"  TYPE  []
46:31..46:42  "Temperature"  TYPE  []
46:42..46:43  ";"  OPERATOR  []
47:9..47:18  "attribute"  KEYWORD  []
47:9..47:43  "attribute brewPressure : Pressure;"  PROPERTY  [definition]
47:32..47:33  ":"  OPERATOR  []
47:34..47:42  "Pressure"  TYPE  []
47:34..47:42  "Pressure"  TYPE  []
47:42..47:43  ";"  OPERATOR  []
48:9..48:18  "attribute"  KEYWORD  []
48:9..48:35  "attribute capacity : Mass;"  PROPERTY  [definition]
48:28..48:29  ":"  OPERATOR  []
48:30..48:34  "Mass"  TYPE  []
48:30..48:34  "Mass"  TYPE  []
48:34..48:35  ";"  OPERATOR  []
51:5..51:9  "part"  KEYWORD  []
51:5..54:6  "part def WaterTank {\n        attribu..."  CLASS  [definition]
51:10..51:13  "def"  KEYWORD  []
52:9..52:18  "attribute"  KEYWORD  []
52:9..52:39  "attribute currentLevel : Real;"  PROPERTY  [definition]
52:32..52:33  ":"  OPERATOR  []
52:34..52:38  "Real"  TYPE  []
52:34..52:38  "Real"  TYPE  []
52:38..52:39  ";"  OPERATOR  []
53:9..53:18  "attribute"  KEYWORD  []
53:9..53:38  "attribute maxCapacity : Mass;"  PROPERTY  [definition]
53:31..53:32  ":"  OPERATOR  []
53:33..53:37  "Mass"  TYPE  []
53:33..53:37  "Mass"  TYPE  []
53:37..53:38  ";"  OPERATOR  []
56:5..56:9  "part"  KEYWORD  []
56:5..59:6  "part def SteamWand {\n        attribu..."  CLASS  [definition]
56:10..56:13  "def"  KEYWORD  []
57:9..57:18  "attribute"  KEYWORD  []
57:9..57:43  "attribute steamTemp : Temperature;"  PROPERTY  [definition]
57:29..57:30  ":"  OPERATOR  []
57:31..57:42  "Temperature"  TYPE  []
57:31..57:42  "Temperature"  TYPE  []
57:42..57:43  ";"  OPERATOR  []
58:9..58:18  "attribute"  KEYWORD  []
58:9..58:38  "attribute isActive : Boolean;"  PROPERTY  [definition]
58:28..58:29  ":"  OPERATOR  []
58:30..58:37  "Boolean"  TYPE  []
58:30..58:37  "Boolean"  TYPE  []
58:37..58:38  ";"  OPERATOR  []
61:5..61:9  "part"  KEYWORD  []
61:5..64:6  "part def ControlPanel {\n        attr..."  CLASS  [definition]
61:10..61:13  "def"  KEYWORD  []
62:9..62:18  "attribute"  KEYWORD  []
62:9..62:45  "attribute selectedDrink : DrinkType;"  PROPERTY  [definition]
62:33..62:34  ":"  OPERATOR  []
62:35..62:44  "DrinkType"  TYPE  []
62:35..62:44  "DrinkType"  TYPE  []
62:44..62:45  ";"  OPERATOR  []
63:9..63:18  "attribute"  KEYWORD  []
63:9..63:37  "attribute isReady : Boolean;"  PROPERTY  [definition]
63:27..63:28  ":"  OPERATOR  []
63:29..63:36  "Boolean"  TYPE  []
63:29..63:36  "Boolean"  TYPE  []
63:36..63:37  ";"  OPERATOR  []
66:5..66:9  "part"  KEYWORD  []
66:5..68:6  "part def CupSensor {\n        attribu..."  CLASS  [definition]
66:10..66:13  "def"  KEYWORD  []
67:9..67:18  "attribute"  KEYWORD  []
67:9..67:41  "attribute cupDetected : Boolean;"  PROPERTY  [definition]
67:31..67:32  ":"  OPERATOR  []
67:33..67:40  "Boolean"  TYPE  []
67:33..67:40  "Boolean"  TYPE  []
67:40..67:41  ";"  OPERATOR  []
70:5..70:9  "part"  KEYWORD  []
70:5..72:6  "part def DripTray {\n        attribut..."  CLASS  [definition]
70:10..70:13  "def"  KEYWORD  []
71:9..71:18  "attribute"  KEYWORD  []
71:9..71:36  "attribute isFull : Boolean;"  PROPERTY  [definition]
71:26..71:27  ":"  OPERATOR  []
71:28..71:35  "Boolean"  TYPE  []
71:28..71:35  "Boolean"  TYPE  []
71:35..71:36  ";"  OPERATOR  []
75:5..75:9  "enum"  KEYWORD  []
75:5..80:6  "enum def DrinkType {\n        espress..."  ENUM  [definition, abstract]
75:10..75:13  "def"  KEYWORD  []
76:9..76:18  "espresso;"  TYPE  []
76:9..76:18  "espresso;"  ENUM  [definition]
76:17..76:18  ";"  OPERATOR  []
77:9..77:19  "americano;"  TYPE  []
77:9..77:19  "americano;"  ENUM  [definition]
77:18..77:19  ";"  OPERATOR  []
78:9..78:20  "cappuccino;"  TYPE  []
78:9..78:20  "cappuccino;"  ENUM  [definition]
78:19..78:20  ";"  OPERATOR  []
79:9..79:15  "latte;"  TYPE  []
79:9..79:15  "latte;"  ENUM  [definition]
79:14..79:15  ";"  OPERATOR  []
