---
source: crates/tooling/sysml-lsp-server/src/snapshot_tests.rs
assertion_line: 548
expression: rendered
---
1:1..3:67  "/* Fixture: comprehensive.sysml\nExpe..."  COMMENT  []
5:1..5:8  "package"  KEYWORD  []
5:1..153:2  "package ComprehensiveModel {\n\n    /..."  NAMESPACE  [definition]
8:5..8:9  "enum"  KEYWORD  []
8:5..12:6  "enum def Status {\n        enum Activ..."  ENUM  [definition, abstract]
8:10..8:13  "def"  KEYWORD  []
9:9..9:13  "enum"  KEYWORD  []
9:9..9:21  "enum Active;"  TYPE  []
9:9..9:21  "enum Active;"  ENUM  [definition]
9:20..9:21  ";"  OPERATOR  []
10:9..10:13  "enum"  KEYWORD  []
10:9..10:23  "enum Inactive;"  TYPE  []
10:9..10:23  "enum Inactive;"  ENUM  [definition]
10:22..10:23  ";"  OPERATOR  []
11:9..11:13  "enum"  KEYWORD  []
11:9..11:20  "enum Error;"  TYPE  []
11:9..11:20  "enum Error;"  ENUM  [definition]
11:19..11:20  ";"  OPERATOR  []
15:5..15:14  "attribute"  KEYWORD  []
15:5..15:24  "attribute def Mass;"  CLASS  [definition]
15:15..15:18  "def"  KEYWORD  []
15:23..15:24  ";"  OPERATOR  []
16:5..16:14  "attribute"  KEYWORD  []
16:5..16:25  "attribute def Speed;"  CLASS  [definition]
16:15..16:18  "def"  KEYWORD  []
16:24..16:25  ";"  OPERATOR  []
17:5..17:14  "attribute"  KEYWORD  []
17:5..17:31  "attribute def Temperature;"  CLASS  [definition]
17:15..17:18  "def"  KEYWORD  []
17:30..17:31  ";"  OPERATOR  []
20:5..20:9  "item"  KEYWORD  []
20:5..23:6  "item def DataPacket {\n        attrib..."  CLASS  [definition]
20:10..20:13  "def"  KEYWORD  []
21:9..21:18  "attribute"  KEYWORD  []
21:9..21:46  "attribute payload : String = "empty";"  PROPERTY  [definition]
21:27..21:28  ":"  OPERATOR  []
21:29..21:35  "String"  TYPE  []
21:29..21:35  "String"  TYPE  []
21:36..21:37  "="  OPERATOR  []
21:38..21:45  ""empty""  TYPE  [definition]
21:38..21:45  ""empty""  STRING  []
21:45..21:46  ";"  OPERATOR  []
22:9..22:18  "attribute"  KEYWORD  []
22:9..22:38  "attribute size : Integer = 0;"  PROPERTY  [definition]
22:24..22:25  ":"  OPERATOR  []
22:26..22:33  "Integer"  TYPE  []
22:26..22:33  "Integer"  TYPE  []
22:34..22:35  "="  OPERATOR  []
22:36..22:37  "0"  TYPE  [definition]
22:36..22:37  "0"  NUMBER  []
22:37..22:38  ";"  OPERATOR  []
26:5..26:9  "part"  KEYWORD  []
26:5..29:6  "part def Engine {\n        attribute ..."  CLASS  [definition]
26:10..26:13  "def"  KEYWORD  []
27:9..27:18  "attribute"  KEYWORD  []
27:9..27:40  "attribute horsePower : Integer;"  PROPERTY  [definition]
27:30..27:31  ":"  OPERATOR  []
27:32..27:39  "Integer"  TYPE  []
27:32..27:39  "Integer"  TYPE  []
27:39..27:40  ";"  OPERATOR  []
28:9..28:18  "attribute"  KEYWORD  []
28:9..28:38  "attribute temp : Temperature;"  PROPERTY  [definition]
28:24..28:25  ":"  OPERATOR  []
28:26..28:37  "Temperature"  TYPE  []
28:26..28:37  "Temperature"  TYPE  []
28:37..28:38  ";"  OPERATOR  []
31:5..31:9  "part"  KEYWORD  []
31:5..33:6  "part def Wheel {\n        attribute r..."  CLASS  [definition]
31:10..31:13  "def"  KEYWORD  []
32:9..32:18  "attribute"  KEYWORD  []
32:9..32:39  "attribute radius : Real = 0.3;"  PROPERTY  [definition]
32:26..32:27  ":"  OPERATOR  []
32:28..32:32  "Real"  TYPE  []
32:28..32:32  "Real"  TYPE  []
32:33..32:34  "="  OPERATOR  []
32:35..32:38  "0.3"  TYPE  [definition]
32:35..32:38  "0.3"  NUMBER  []
32:38..32:39  ";"  OPERATOR  []
36:5..36:9  "port"  KEYWORD  []
36:5..39:6  "port def ControlPort {\n        in it..."  TYPE  [definition]
36:5..39:6  "port def ControlPort {\n        in it..."  INTERFACE  [definition]
36:10..36:13  "def"  KEYWORD  []
37:9..37:11  "in"  KEYWORD  []
37:9..37:25  "in item command;"  VARIABLE  [definition]
37:12..37:16  "item"  KEYWORD  []
37:24..37:25  ";"  OPERATOR  []
38:9..38:12  "out"  KEYWORD  []
38:9..38:27  "out item feedback;"  VARIABLE  [definition]
38:13..38:17  "item"  KEYWORD  []
38:26..38:27  ";"  OPERATOR  []
41:5..41:14  "interface"  KEYWORD  []
41:5..44:6  "interface def ControlInterface {\n   ..."  INTERFACE  []
41:15..41:18  "def"  KEYWORD  []
42:9..42:12  "end"  KEYWORD  []
42:9..42:43  "end port controller : ControlPort;"  INTERFACE  [definition]
42:13..42:17  "port"  KEYWORD  []
42:29..42:30  ":"  OPERATOR  []
42:31..42:42  "ControlPort"  TYPE  []
42:31..42:42  "ControlPort"  TYPE  []
42:42..42:43  ";"  OPERATOR  []
43:9..43:12  "end"  KEYWORD  []
43:9..43:41  "end port actuator : ControlPort;"  INTERFACE  [definition]
43:13..43:17  "port"  KEYWORD  []
43:27..43:28  ":"  OPERATOR  []
43:29..43:40  "ControlPort"  TYPE  []
43:29..43:40  "ControlPort"  TYPE  []
43:40..43:41  ";"  OPERATOR  []
47:5..47:15  "constraint"  KEYWORD  []
47:5..49:6  "constraint def SpeedLimit {\n        ..."  STRUCT  [definition]
47:16..47:19  "def"  KEYWORD  []
48:9..48:18  "attribute"  KEYWORD  []
48:9..48:36  "attribute maxSpeed : Speed;"  PROPERTY  [definition]
48:28..48:29  ":"  OPERATOR  []
48:30..48:35  "Speed"  TYPE  []
48:30..48:35  "Speed"  TYPE  []
48:35..48:36  ";"  OPERATOR  []
51:5..51:16  "requirement"  KEYWORD  []
51:5..57:6  "requirement def SafetyReq {\n        ..."  STRUCT  [definition]
51:17..51:20  "def"  KEYWORD  []
52:9..52:40  "doc /* Vehicle must be safe. */"  TYPE  [definition]
52:9..52:40  "doc /* Vehicle must be safe. */"  COMMENT  []
53:9..53:16  "subject"  KEYWORD  []
53:9..53:30  "subject part vehicle;"  TYPE  []
53:29..53:30  ";"  OPERATOR  []
54:9..54:16  "require"  KEYWORD  []
54:9..56:10  "require constraint limit {\n         ..."  TYPE  []
54:17..54:27  "constraint"  KEYWORD  []
55:13..55:51  "doc /* Speed must not exceed limit. */"  TYPE  [definition]
55:13..55:51  "doc /* Speed must not exceed limit. */"  COMMENT  []
59:5..59:12  "concern"  KEYWORD  []
59:5..61:6  "concern def EmissionsConcern {\n     ..."  STRUCT  [definition]
59:13..59:16  "def"  KEYWORD  []
60:9..60:48  "doc /* Emissions must be controlled. */"  TYPE  [definition]
60:9..60:48  "doc /* Emissions must be controlled. */"  COMMENT  []
64:5..64:11  "action"  KEYWORD  []
64:5..67:6  "action def StartEngine {\n        in ..."  FUNCTION  [definition]
64:12..64:15  "def"  KEYWORD  []
65:9..65:11  "in"  KEYWORD  []
65:9..65:32  "in item ignitionSignal;"  VARIABLE  [definition]
65:12..65:16  "item"  KEYWORD  []
65:31..65:32  ";"  OPERATOR  []
66:9..66:12  "out"  KEYWORD  []
66:9..66:31  "out item engineStatus;"  VARIABLE  [definition]
66:13..66:17  "item"  KEYWORD  []
66:30..66:31  ";"  OPERATOR  []
69:5..69:11  "action"  KEYWORD  []
69:5..74:6  "action def DriveAction {\n        act..."  FUNCTION  [definition]
69:12..69:15  "def"  KEYWORD  []
70:9..70:15  "action"  KEYWORD  []
70:9..70:27  "action accelerate;"  FUNCTION  [definition]
70:26..70:27  ";"  OPERATOR  []
71:9..71:15  "action"  KEYWORD  []
71:9..71:22  "action brake;"  FUNCTION  [definition]
71:21..71:22  ";"  OPERATOR  []
72:9..72:13  "send"  KEYWORD  []
72:9..72:34  "send signal : DataPacket;"  FUNCTION  [definition]
72:14..72:20  "signal"  TYPE  []
72:14..72:20  "signal"  TYPE  [definition]
72:21..72:22  ":"  OPERATOR  []
72:33..72:34  ";"  OPERATOR  []
73:9..73:15  "accept"  KEYWORD  []
73:9..73:33  "accept ack : DataPacket;"  FUNCTION  [definition]
73:16..73:19  "ack"  VARIABLE  [definition]
73:20..73:21  ":"  OPERATOR  []
73:22..73:32  "DataPacket"  TYPE  []
73:22..73:32  "DataPacket"  TYPE  []
73:32..73:33  ";"  OPERATOR  []
77:5..77:10  "state"  KEYWORD  []
77:5..93:6  "state def EngineState {\n        entr..."  CLASS  [definition]
77:11..77:14  "def"  KEYWORD  []
78:9..78:14  "entry"  KEYWORD  []
78:9..78:15  "entry;"  FUNCTION  [definition]
78:14..78:15  ";"  OPERATOR  []
78:16..78:20  "then"  KEYWORD  []
78:16..78:25  "then Off;"  VARIABLE  []
78:21..78:24  "Off"  TYPE  []
78:24..78:25  ";"  OPERATOR  []
80:9..80:14  "state"  KEYWORD  []
80:9..80:19  "state Off;"  VARIABLE  [definition]
80:18..80:19  ";"  OPERATOR  []
81:9..81:14  "state"  KEYWORD  []
81:9..81:24  "state Starting;"  VARIABLE  [definition]
81:23..81:24  ";"  OPERATOR  []
82:9..82:14  "state"  KEYWORD  []
82:9..86:10  "state Running {\n            entry ac..."  VARIABLE  [definition]
83:13..83:18  "entry"  FUNCTION  [definition]
83:13..83:18  "entry"  KEYWORD  []
83:19..83:25  "action"  KEYWORD  []
83:32..83:33  ";"  OPERATOR  []
84:13..84:15  "do"  FUNCTION  [definition]
84:13..84:15  "do"  KEYWORD  []
84:16..84:22  "action"  KEYWORD  []
84:30..84:31  ";"  OPERATOR  []
85:13..85:17  "exit"  FUNCTION  [definition]
85:13..85:17  "exit"  KEYWORD  []
85:18..85:24  "action"  KEYWORD  []
85:33..85:34  ";"  OPERATOR  []
87:9..87:14  "state"  KEYWORD  []
87:9..87:24  "state Stopping;"  VARIABLE  [definition]
87:23..87:24  ";"  OPERATOR  []
89:9..89:19  "transition"  KEYWORD  []
89:9..89:50  "transition start first Off then Start..."  FUNCTION  [definition]
89:20..89:25  "start"  KEYWORD  []
89:26..89:31  "first"  KEYWORD  []
89:36..89:40  "then"  KEYWORD  []
89:49..89:50  ";"  OPERATOR  []
90:9..90:19  "transition"  KEYWORD  []
90:9..90:56  "transition started first Starting the..."  FUNCTION  [definition]
90:28..90:33  "first"  KEYWORD  []
90:43..90:47  "then"  KEYWORD  []
90:55..90:56  ";"  OPERATOR  []
91:9..91:19  "transition"  KEYWORD  []
91:9..91:53  "transition stop first Running then St..."  FUNCTION  [definition]
91:25..91:30  "first"  KEYWORD  []
91:39..91:43  "then"  KEYWORD  []
91:52..91:53  ";"  OPERATOR  []
92:9..92:19  "transition"  KEYWORD  []
92:9..92:52  "transition stopped first Stopping the..."  FUNCTION  [definition]
92:28..92:33  "first"  KEYWORD  []
92:43..92:47  "then"  KEYWORD  []
92:51..92:52  ";"  OPERATOR  []
96:5..96:9  "calc"  KEYWORD  []
96:5..100:6  "calc def ComputePower {\n        in a..."  FUNCTION  [definition]
96:10..96:13  "def"  KEYWORD  []
97:9..97:11  "in"  KEYWORD  []
97:9..97:35  "in attribute force : Real;"  PROPERTY  [definition]
97:12..97:21  "attribute"  KEYWORD  []
97:28..97:29  ":"  OPERATOR  []
97:30..97:34  "Real"  TYPE  []
97:30..97:34  "Real"  TYPE  []
97:34..97:35  ";"  OPERATOR  []
98:9..98:11  "in"  KEYWORD  []
98:9..98:38  "in attribute velocity : Real;"  PROPERTY  [definition]
98:12..98:21  "attribute"  KEYWORD  []
98:31..98:32  ":"  OPERATOR  []
98:33..98:37  "Real"  TYPE  []
98:33..98:37  "Real"  TYPE  []
98:37..98:38  ";"  OPERATOR  []
99:9..99:15  "return"  KEYWORD  []
99:9..99:30  "return result : Real;"  TYPE  []
99:23..99:24  ":"  OPERATOR  []
99:25..99:29  "Real"  TYPE  []
99:25..99:29  "Real"  TYPE  []
99:29..99:30  ";"  OPERATOR  []
103:5..103:15  "connection"  KEYWORD  []
103:5..103:29  "connection def DataLink;"  CLASS  []
103:16..103:19  "def"  KEYWORD  []
103:28..103:29  ";"  OPERATOR  []
106:5..106:15  "allocation"  KEYWORD  []
106:5..106:39  "allocation def SoftwareAllocation;"  CLASS  []
106:16..106:19  "def"  KEYWORD  []
106:38..106:39  ";"  OPERATOR  []
109:5..109:9  "part"  KEYWORD  []
109:5..149:6  "part def Vehicle {\n        // Parts ..."  CLASS  [definition]
109:10..109:13  "def"  KEYWORD  []
111:9..111:13  "part"  KEYWORD  []
111:9..111:30  "part engine : Engine;"  VARIABLE  [definition]
111:21..111:22  ":"  OPERATOR  []
111:23..111:29  "Engine"  TYPE  []
111:23..111:29  "Engine"  TYPE  []
111:29..111:30  ";"  OPERATOR  []
112:9..112:13  "part"  KEYWORD  []
112:9..112:32  "part frontLeft : Wheel;"  VARIABLE  [definition]
112:24..112:25  ":"  OPERATOR  []
112:26..112:31  "Wheel"  TYPE  []
112:26..112:31  "Wheel"  TYPE  []
112:31..112:32  ";"  OPERATOR  []
113:9..113:13  "part"  KEYWORD  []
113:9..113:33  "part frontRight : Wheel;"  VARIABLE  [definition]
113:25..113:26  ":"  OPERATOR  []
113:27..113:32  "Wheel"  TYPE  []
113:27..113:32  "Wheel"  TYPE  []
113:32..113:33  ";"  OPERATOR  []
114:9..114:13  "part"  KEYWORD  []
114:9..114:31  "part rearLeft : Wheel;"  VARIABLE  [definition]
114:23..114:24  ":"  OPERATOR  []
114:25..114:30  "Wheel"  TYPE  []
114:25..114:30  "Wheel"  TYPE  []
114:30..114:31  ";"  OPERATOR  []
115:9..115:13  "part"  KEYWORD  []
115:9..115:32  "part rearRight : Wheel;"  VARIABLE  [definition]
115:24..115:25  ":"  OPERATOR  []
115:26..115:31  "Wheel"  TYPE  []
115:26..115:31  "Wheel"  TYPE  []
115:31..115:32  ";"  OPERATOR  []
118:9..118:18  "attribute"  KEYWORD  []
118:9..118:31  "attribute mass : Mass;"  PROPERTY  [definition]
118:24..118:25  ":"  OPERATOR  []
118:26..118:30  "Mass"  TYPE  []
118:26..118:30  "Mass"  TYPE  []
118:30..118:31  ";"  OPERATOR  []
119:9..119:18  "attribute"  KEYWORD  []
119:9..119:36  "attribute topSpeed : Speed;"  PROPERTY  [definition]
119:28..119:29  ":"  OPERATOR  []
119:30..119:35  "Speed"  TYPE  []
119:30..119:35  "Speed"  TYPE  []
119:35..119:36  ";"  OPERATOR  []
120:9..120:18  "attribute"  KEYWORD  []
120:9..120:35  "attribute status : Status;"  PROPERTY  [definition]
120:26..120:27  ":"  OPERATOR  []
120:28..120:34  "Status"  TYPE  []
120:28..120:34  "Status"  TYPE  []
120:34..120:35  ";"  OPERATOR  []
121:9..121:18  "attribute"  KEYWORD  []
121:9..121:47  "attribute name : String = "MyVehicle";"  PROPERTY  [definition]
121:24..121:25  ":"  OPERATOR  []
121:26..121:32  "String"  TYPE  []
121:26..121:32  "String"  TYPE  []
121:33..121:34  "="  OPERATOR  []
121:35..121:46  ""MyVehicle""  TYPE  [definition]
121:35..121:46  ""MyVehicle""  STRING  []
121:46..121:47  ";"  OPERATOR  []
122:9..122:18  "attribute"  KEYWORD  []
122:9..122:40  "attribute mileage : Real = 0.0;"  PROPERTY  [definition]
122:27..122:28  ":"  OPERATOR  []
122:29..122:33  "Real"  TYPE  []
122:29..122:33  "Real"  TYPE  []
122:34..122:35  "="  OPERATOR  []
122:36..122:39  "0.0"  TYPE  [definition]
122:36..122:39  "0.0"  NUMBER  []
122:39..122:40  ";"  OPERATOR  []
123:9..123:18  "attribute"  KEYWORD  []
123:9..123:41  "attribute vin : Integer = 12345;"  PROPERTY  [definition]
123:23..123:24  ":"  OPERATOR  []
123:25..123:32  "Integer"  TYPE  []
123:25..123:32  "Integer"  TYPE  []
123:33..123:34  "="  OPERATOR  []
123:35..123:40  "12345"  TYPE  [definition]
123:35..123:40  "12345"  NUMBER  []
123:40..123:41  ";"  OPERATOR  []
126:9..126:13  "port"  KEYWORD  []
126:9..126:36  "port control : ControlPort;"  INTERFACE  [definition]
126:22..126:23  ":"  OPERATOR  []
126:24..126:35  "ControlPort"  TYPE  []
126:24..126:35  "ControlPort"  TYPE  []
126:35..126:36  ";"  OPERATOR  []
129:9..129:14  "state"  KEYWORD  []
129:9..129:41  "state engineState : EngineState;"  VARIABLE  [definition]
129:27..129:28  ":"  OPERATOR  []
129:29..129:40  "EngineState"  TYPE  []
129:29..129:40  "EngineState"  TYPE  []
129:40..129:41  ";"  OPERATOR  []
132:9..132:15  "action"  KEYWORD  []
132:9..132:44  "action startSequence : StartEngine;"  FUNCTION  [definition]
132:30..132:31  ":"  OPERATOR  []
132:32..132:43  "StartEngine"  TYPE  []
132:32..132:43  "StartEngine"  TYPE  []
132:43..132:44  ";"  OPERATOR  []
133:9..133:15  "action"  KEYWORD  []
133:9..133:36  "action drive : DriveAction;"  FUNCTION  [definition]
133:22..133:23  ":"  OPERATOR  []
133:24..133:35  "DriveAction"  TYPE  []
133:24..133:35  "DriveAction"  TYPE  []
133:35..133:36  ";"  OPERATOR  []
136:9..136:19  "constraint"  KEYWORD  []
136:9..136:49  "constraint speedConstraint : SpeedLimit;"  STRUCT  [definition]
136:36..136:37  ":"  OPERATOR  []
136:38..136:48  "SpeedLimit"  TYPE  []
136:38..136:48  "SpeedLimit"  TYPE  []
136:48..136:49  ";"  OPERATOR  []
139:9..139:20  "requirement"  KEYWORD  []
139:9..139:40  "requirement safety : SafetyReq;"  STRUCT  [definition]
139:28..139:29  ":"  OPERATOR  []
139:30..139:39  "SafetyReq"  TYPE  []
139:30..139:39  "SafetyReq"  TYPE  []
139:39..139:40  ";"  OPERATOR  []
142:9..142:13  "calc"  KEYWORD  []
142:9..142:35  "calc power : ComputePower;"  FUNCTION  [definition]
142:20..142:21  ":"  OPERATOR  []
142:22..142:34  "ComputePower"  TYPE  []
142:22..142:34  "ComputePower"  TYPE  []
142:34..142:35  ";"  OPERATOR  []
145:9..145:19  "connection"  KEYWORD  []
145:9..145:36  "connection link : DataLink;"  VARIABLE  []
145:25..145:26  ":"  OPERATOR  []
145:27..145:35  "DataLink"  TYPE  []
145:27..145:35  "DataLink"  TYPE  []
145:35..145:36  ";"  OPERATOR  []
148:9..148:19  "allocation"  KEYWORD  []
148:9..148:44  "allocation sw : SoftwareAllocation;"  VARIABLE  []
148:23..148:24  ":"  OPERATOR  []
148:25..148:43  "SoftwareAllocation"  TYPE  []
148:25..148:43  "SoftwareAllocation"  TYPE  []
148:43..148:44  ";"  OPERATOR  []
152:5..152:9  "part"  KEYWORD  []
152:5..152:26  "part myCar : Vehicle;"  VARIABLE  [definition]
152:16..152:17  ":"  OPERATOR  []
152:18..152:25  "Vehicle"  TYPE  []
152:18..152:25  "Vehicle"  TYPE  []
152:25..152:26  ";"  OPERATOR  []
