---
source: crates/tooling/sysml-lsp-server/src/snapshot_tests.rs
assertion_line: 832
expression: rendered
---
4:1..4:8  "package"  KEYWORD  []
4:1..44:2  "package TypingAndSpecialization {\n  ..."  NAMESPACE  [definition]
5:5..5:11  "import"  KEYWORD  []
5:5..5:27  "import Definitions::*;"  NAMESPACE  []
5:12..5:23  "Definitions"  NAMESPACE  []
5:23..5:25  "::"  OPERATOR  []
5:25..5:26  "*"  OPERATOR  []
5:26..5:27  ";"  OPERATOR  []
8:5..8:9  "part"  KEYWORD  []
8:5..15:6  "part def EspressoMachine :> CoffeeMac..."  CLASS  [definition]
8:10..8:13  "def"  KEYWORD  []
8:30..8:32  ":>"  OPERATOR  []
8:33..8:46  "CoffeeMachine"  TYPE  []
8:33..8:46  "CoffeeMachine"  TYPE  []
9:9..11:16  "doc /* A high-pressure espresso machi..."  TYPE  [definition]
9:9..11:16  "doc /* A high-pressure espresso machi..."  COMMENT  []
14:9..14:13  "part"  KEYWORD  []
14:9..14:64  "part brewer : PressureBrewer :>> Coff..."  VARIABLE  [definition]
14:21..14:22  ":"  OPERATOR  []
14:23..14:37  "PressureBrewer"  TYPE  []
14:23..14:37  "PressureBrewer"  TYPE  []
14:38..14:41  ":>>"  OPERATOR  []
14:42..14:55  "CoffeeMachine"  TYPE  []
14:42..14:63  "CoffeeMachine::brewer"  TYPE  []
14:55..14:57  "::"  OPERATOR  []
14:57..14:63  "brewer"  TYPE  []
14:63..14:64  ";"  OPERATOR  []
18:5..18:9  "part"  KEYWORD  []
18:5..22:6  "part def PressureBrewer :> Brewer {\n..."  CLASS  [definition]
18:10..18:13  "def"  KEYWORD  []
18:29..18:31  ":>"  OPERATOR  []
18:32..18:38  "Brewer"  TYPE  []
18:32..18:38  "Brewer"  TYPE  []
20:9..20:18  "attribute"  KEYWORD  []
20:9..20:57  "attribute brewPressure :>> Brewer::br..."  PROPERTY  [definition]
20:32..20:35  ":>>"  OPERATOR  []
20:36..20:42  "Brewer"  TYPE  []
20:36..20:56  "Brewer::brewPressure"  TYPE  []
20:42..20:44  "::"  OPERATOR  []
20:44..20:56  "brewPressure"  TYPE  []
20:56..20:57  ";"  OPERATOR  []
21:9..21:18  "attribute"  KEYWORD  []
21:9..21:38  "attribute maxPressure : Real;"  PROPERTY  [definition]
21:31..21:32  ":"  OPERATOR  []
21:33..21:37  "Real"  TYPE  []
21:33..21:37  "Real"  TYPE  []
21:37..21:38  ";"  OPERATOR  []
25:5..25:9  "part"  KEYWORD  []
25:5..34:6  "part def CommercialMachine :> CoffeeM..."  CLASS  [definition]
25:10..25:13  "def"  KEYWORD  []
25:32..25:34  ":>"  OPERATOR  []
25:35..25:48  "CoffeeMachine"  TYPE  []
25:35..25:48  "CoffeeMachine"  TYPE  []
26:9..26:75  "doc /* A commercial machine with dual..."  TYPE  [definition]
26:9..26:75  "doc /* A commercial machine with dual..."  COMMENT  []
29:9..29:13  "part"  KEYWORD  []
29:9..29:37  "part fineGrinder :> grinder;"  VARIABLE  [definition]
29:26..29:28  ":>"  OPERATOR  []
29:29..29:36  "grinder"  TYPE  []
29:29..29:36  "grinder"  TYPE  []
29:36..29:37  ";"  OPERATOR  []
30:9..30:13  "part"  KEYWORD  []
30:9..30:38  "part coarseGrinder : Grinder;"  VARIABLE  [definition]
30:28..30:29  ":"  OPERATOR  []
30:30..30:37  "Grinder"  TYPE  []
30:30..30:37  "Grinder"  TYPE  []
30:37..30:38  ";"  OPERATOR  []
33:9..33:13  "part"  KEYWORD  []
33:9..33:70  "part waterTank : LargeWaterTank :>> C..."  VARIABLE  [definition]
33:24..33:25  ":"  OPERATOR  []
33:26..33:40  "LargeWaterTank"  TYPE  []
33:26..33:40  "LargeWaterTank"  TYPE  []
33:41..33:44  ":>>"  OPERATOR  []
33:45..33:58  "CoffeeMachine"  TYPE  []
33:45..33:69  "CoffeeMachine::waterTank"  TYPE  []
33:58..33:60  "::"  OPERATOR  []
33:60..33:69  "waterTank"  TYPE  []
33:69..33:70  ";"  OPERATOR  []
36:5..36:9  "part"  KEYWORD  []
36:5..38:6  "part def LargeWaterTank :> WaterTank ..."  CLASS  [definition]
36:10..36:13  "def"  KEYWORD  []
36:29..36:31  ":>"  OPERATOR  []
36:32..36:41  "WaterTank"  TYPE  []
36:32..36:41  "WaterTank"  TYPE  []
41:5..41:9  "part"  KEYWORD  []
41:5..43:6  "part myEspresso : EspressoMachine {\n..."  VARIABLE  [definition]
41:21..41:22  ":"  OPERATOR  []
41:23..41:38  "EspressoMachine"  TYPE  []
41:23..41:38  "EspressoMachine"  TYPE  []
42:9..42:18  "attribute"  KEYWORD  []
42:9..42:81  "attribute serialNumber :>> CoffeeMach..."  PROPERTY  [definition]
42:32..42:35  ":>>"  OPERATOR  []
42:36..42:49  "CoffeeMachine"  TYPE  []
42:36..42:63  "CoffeeMachine::serialNumber"  TYPE  []
42:49..42:51  "::"  OPERATOR  []
42:51..42:63  "serialNumber"  TYPE  []
42:64..42:65  "="  OPERATOR  []
42:66..42:80  ""ESP-2026-001""  TYPE  [definition]
42:66..42:80  ""ESP-2026-001""  STRING  []
42:80..42:81  ";"  OPERATOR  []
