---
source: crates/tooling/sysml-lsp-server/src/snapshot_tests.rs
expression: rendered
---
[IM006] error @ "import Actions::*;"
  import references unknown standard library namespace 'Actions'
  note: valid namespaces: ScalarValues, ISQ, SI, Collections, Performances, Parts, Connections, Ports, Interfaces, Items, Actions, States, Constraints, Requirements, Calculations, ...
[IM001] info @ "import Definitions::*;"
  import references namespace 'Definitions' (unresolved in current workspace context)
  note: checked current file and loaded standard library only; open the project/workspace folder so cross-file imports can be indexed
