---
source: crates/tooling/sysml-lsp-server/src/snapshot_tests.rs
assertion_line: 838
expression: rendered
---
4:1..4:8  "package"  KEYWORD  []
4:1..60:2  "package Ports {\n    import Definitio..."  NAMESPACE  [definition]
5:5..5:11  "import"  KEYWORD  []
5:5..5:27  "import Definitions::*;"  NAMESPACE  []
5:12..5:23  "Definitions"  NAMESPACE  []
5:23..5:25  "::"  OPERATOR  []
5:25..5:26  "*"  OPERATOR  []
5:26..5:27  ";"  OPERATOR  []
8:5..8:9  "port"  KEYWORD  []
8:5..12:6  "port def WaterPort {\n        doc /* ..."  TYPE  [definition]
8:5..12:6  "port def WaterPort {\n        doc /* ..."  INTERFACE  [definition]
8:10..8:13  "def"  KEYWORD  []
9:9..9:63  "doc /* Port for water flow between ta..."  TYPE  [definition]
9:9..9:63  "doc /* Port for water flow between ta..."  COMMENT  []
10:9..10:18  "attribute"  KEYWORD  []
10:9..10:35  "attribute flowRate : Real;"  PROPERTY  [definition]
10:28..10:29  ":"  OPERATOR  []
10:30..10:34  "Real"  TYPE  []
10:30..10:34  "Real"  TYPE  []
10:34..10:35  ";"  OPERATOR  []
11:9..11:18  "attribute"  KEYWORD  []
11:9..11:45  "attribute temperature : Temperature;"  PROPERTY  [definition]
11:31..11:32  ":"  OPERATOR  []
11:33..11:44  "Temperature"  TYPE  []
11:33..11:44  "Temperature"  TYPE  []
11:44..11:45  ";"  OPERATOR  []
14:5..14:9  "port"  KEYWORD  []
14:5..18:6  "port def PowerPort {\n        doc /* ..."  TYPE  [definition]
14:5..18:6  "port def PowerPort {\n        doc /* ..."  INTERFACE  [definition]
14:10..14:13  "def"  KEYWORD  []
15:9..15:47  "doc /* Electrical power connection. */"  TYPE  [definition]
15:9..15:47  "doc /* Electrical power connection. */"  COMMENT  []
16:9..16:18  "attribute"  KEYWORD  []
16:9..16:34  "attribute voltage : Real;"  PROPERTY  [definition]
16:27..16:28  ":"  OPERATOR  []
16:29..16:33  "Real"  TYPE  []
16:29..16:33  "Real"  TYPE  []
16:33..16:34  ";"  OPERATOR  []
17:9..17:18  "attribute"  KEYWORD  []
17:9..17:34  "attribute current : Real;"  PROPERTY  [definition]
17:27..17:28  ":"  OPERATOR  []
17:29..17:33  "Real"  TYPE  []
17:29..17:33  "Real"  TYPE  []
17:33..17:34  ";"  OPERATOR  []
20:5..20:9  "port"  KEYWORD  []
20:5..23:6  "port def CoffeeOutPort {\n        doc..."  TYPE  [definition]
20:5..23:6  "port def CoffeeOutPort {\n        doc..."  INTERFACE  [definition]
20:10..20:13  "def"  KEYWORD  []
21:9..21:49  "doc /* Output port for brewed coffee. */"  TYPE  [definition]
21:9..21:49  "doc /* Output port for brewed coffee. */"  COMMENT  []
22:9..22:12  "out"  KEYWORD  []
22:9..22:46  "out item brewedCoffee : BrewedCoffee;"  VARIABLE  [definition]
22:13..22:17  "item"  KEYWORD  []
22:31..22:32  ":"  OPERATOR  []
22:33..22:45  "BrewedCoffee"  TYPE  []
22:33..22:45  "BrewedCoffee"  TYPE  []
22:45..22:46  ";"  OPERATOR  []
25:5..25:9  "port"  KEYWORD  []
25:5..28:6  "port def SteamPort {\n        doc /* ..."  TYPE  [definition]
25:5..28:6  "port def SteamPort {\n        doc /* ..."  INTERFACE  [definition]
25:10..25:13  "def"  KEYWORD  []
26:9..26:41  "doc /* Port for steam output. */"  TYPE  [definition]
26:9..26:41  "doc /* Port for steam output. */"  COMMENT  []
27:9..27:12  "out"  KEYWORD  []
27:9..27:32  "out item steam : Steam;"  VARIABLE  [definition]
27:13..27:17  "item"  KEYWORD  []
27:24..27:25  ":"  OPERATOR  []
27:26..27:31  "Steam"  TYPE  []
27:26..27:31  "Steam"  TYPE  []
27:31..27:32  ";"  OPERATOR  []
30:5..30:9  "port"  KEYWORD  []
30:5..34:6  "port def ControlPort {\n        doc /..."  TYPE  [definition]
30:5..34:6  "port def ControlPort {\n        doc /..."  INTERFACE  [definition]
30:10..30:13  "def"  KEYWORD  []
31:9..31:60  "doc /* Bidirectional control and stat..."  TYPE  [definition]
31:9..31:60  "doc /* Bidirectional control and stat..."  COMMENT  []
32:9..32:11  "in"  KEYWORD  []
32:9..32:39  "in attribute command : String;"  PROPERTY  [definition]
32:12..32:21  "attribute"  KEYWORD  []
32:30..32:31  ":"  OPERATOR  []
32:32..32:38  "String"  TYPE  []
32:32..32:38  "String"  TYPE  []
32:38..32:39  ";"  OPERATOR  []
33:9..33:12  "out"  KEYWORD  []
33:9..33:39  "out attribute status : String;"  PROPERTY  [definition]
33:13..33:22  "attribute"  KEYWORD  []
33:30..33:31  ":"  OPERATOR  []
33:32..33:38  "String"  TYPE  []
33:32..33:38  "String"  TYPE  []
33:38..33:39  ";"  OPERATOR  []
37:5..37:14  "interface"  KEYWORD  []
37:5..41:6  "interface def WaterInterface {\n     ..."  INTERFACE  []
37:15..37:18  "def"  KEYWORD  []
38:9..38:71  "doc /* Contract for water transfer be..."  TYPE  [definition]
38:9..38:71  "doc /* Contract for water transfer be..."  COMMENT  []
39:9..39:12  "end"  KEYWORD  []
39:9..39:38  "end supplierPort : WaterPort;"  VARIABLE  [definition]
39:26..39:27  ":"  OPERATOR  []
39:28..39:37  "WaterPort"  TYPE  []
39:28..39:37  "WaterPort"  TYPE  []
39:37..39:38  ";"  OPERATOR  []
40:9..40:12  "end"  KEYWORD  []
40:9..40:39  "end consumerPort : ~WaterPort;"  VARIABLE  [definition]
40:26..40:27  ":"  OPERATOR  []
40:28..40:29  "~"  OPERATOR  []
40:28..40:38  "~WaterPort"  TYPE  []
40:29..40:38  "WaterPort"  TYPE  []
40:38..40:39  ";"  OPERATOR  []
43:5..43:14  "interface"  KEYWORD  []
43:5..46:6  "interface def PowerInterface {\n     ..."  INTERFACE  []
43:15..43:18  "def"  KEYWORD  []
44:9..44:12  "end"  KEYWORD  []
44:9..44:36  "end sourcePort : PowerPort;"  VARIABLE  [definition]
44:24..44:25  ":"  OPERATOR  []
44:26..44:35  "PowerPort"  TYPE  []
44:26..44:35  "PowerPort"  TYPE  []
44:35..44:36  ";"  OPERATOR  []
45:9..45:12  "end"  KEYWORD  []
45:9..45:35  "end loadPort : ~PowerPort;"  VARIABLE  [definition]
45:22..45:23  ":"  OPERATOR  []
45:24..45:25  "~"  OPERATOR  []
45:24..45:34  "~PowerPort"  TYPE  []
45:25..45:34  "PowerPort"  TYPE  []
45:34..45:35  ";"  OPERATOR  []
49:5..49:9  "part"  KEYWORD  []
49:5..52:6  "part def WaterTankWithPorts :> WaterT..."  CLASS  [definition]
49:10..49:13  "def"  KEYWORD  []
49:33..49:35  ":>"  OPERATOR  []
49:36..49:45  "WaterTank"  TYPE  []
49:36..49:45  "WaterTank"  TYPE  []
50:9..50:13  "port"  KEYWORD  []
50:9..50:35  "port waterOut : WaterPort;"  INTERFACE  [definition]
50:23..50:24  ":"  OPERATOR  []
50:25..50:34  "WaterPort"  TYPE  []
50:25..50:34  "WaterPort"  TYPE  []
50:34..50:35  ";"  OPERATOR  []
51:9..51:13  "port"  KEYWORD  []
51:9..51:39  "port controlIn : ~ControlPort;"  INTERFACE  [definition]
51:24..51:25  ":"  OPERATOR  []
51:26..51:27  "~"  OPERATOR  []
51:26..51:38  "~ControlPort"  TYPE  []
51:27..51:38  "ControlPort"  TYPE  []
51:38..51:39  ";"  OPERATOR  []
54:5..54:9  "part"  KEYWORD  []
54:5..59:6  "part def BrewerWithPorts :> Brewer {\..."  CLASS  [definition]
54:10..54:13  "def"  KEYWORD  []
54:30..54:32  ":>"  OPERATOR  []
54:33..54:39  "Brewer"  TYPE  []
54:33..54:39  "Brewer"  TYPE  []
55:9..55:13  "port"  KEYWORD  []
55:9..55:35  "port waterIn : ~WaterPort;"  INTERFACE  [definition]
55:22..55:23  ":"  OPERATOR  []
55:24..55:25  "~"  OPERATOR  []
55:24..55:34  "~WaterPort"  TYPE  []
55:25..55:34  "WaterPort"  TYPE  []
55:34..55:35  ";"  OPERATOR  []
56:9..56:13  "port"  KEYWORD  []
56:9..56:40  "port coffeeOut : CoffeeOutPort;"  INTERFACE  [definition]
56:24..56:25  ":"  OPERATOR  []
56:26..56:39  "CoffeeOutPort"  TYPE  []
56:26..56:39  "CoffeeOutPort"  TYPE  []
56:39..56:40  ";"  OPERATOR  []
57:9..57:13  "port"  KEYWORD  []
57:9..57:39  "port controlIn : ~ControlPort;"  INTERFACE  [definition]
57:24..57:25  ":"  OPERATOR  []
57:26..57:27  "~"  OPERATOR  []
57:26..57:38  "~ControlPort"  TYPE  []
57:27..57:38  "ControlPort"  TYPE  []
57:38..57:39  ";"  OPERATOR  []
58:9..58:13  "port"  KEYWORD  []
58:9..58:35  "port powerIn : ~PowerPort;"  INTERFACE  [definition]
58:22..58:23  ":"  OPERATOR  []
58:24..58:25  "~"  OPERATOR  []
58:24..58:34  "~PowerPort"  TYPE  []
58:25..58:34  "PowerPort"  TYPE  []
58:34..58:35  ";"  OPERATOR  []
