---
source: crates/testing/sysml-spec-tests/tests/identity_invariants.rs
expression: bundle
---
{
  "fixture": "espresso_pump",
  "only_in_lsp": [],
  "only_in_rest": [],
  "shared": [
    "<UUID>",
    "<UUID>",
    "<UUID>",
    "<UUID>",
    "<UUID>",
    "<UUID>",
    "<UUID>",
    "<UUID>",
    "<UUID>",
    "<UUID>",
    "<UUID>",
    "<UUID>",
    "<UUID>",
    "<UUID>",
    "<UUID>",
    "<UUID>",
    "<UUID>",
    "<UUID>",
    "<UUID>",
    "<UUID>",
    "<UUID>",
    "<UUID>",
    "<UUID>",
    "<UUID>",
    "<UUID>",
    "<UUID>",
    "<UUID>",
    "<UUID>",
    "<UUID>",
    "<UUID>",
    "<UUID>",
    "<UUID>",
    "<UUID>",
    "<UUID>",
    "<UUID>",
    "<UUID>",
    "<UUID>",
    "<UUID>",
    "<UUID>",
    "<UUID>",
    "<UUID>",
    "<UUID>",
    "<UUID>",
    "<UUID>",
    "<UUID>",
    "<UUID>",
    "<UUID>",
    "<UUID>",
    "<UUID>",
    "<UUID>",
    "<UUID>",
    "<UUID>",
    "<UUID>",
    "<UUID>",
    "<UUID>",
    "<UUID>",
    "<UUID>",
    "<UUID>",
    "<UUID>",
    "<UUID>",
    "<UUID>",
    "<UUID>",
    "<UUID>",
    "<UUID>",
    "<UUID>",
    "<UUID>",
    "<UUID>",
    "<UUID>",
    "<UUID>",
    "<UUID>",
    "<UUID>",
    "<UUID>",
    "<UUID>",
    "<UUID>",
    "<UUID>",
    "<UUID>",
    "<UUID>",
    "<UUID>",
    "<UUID>",
    "<UUID>",
    "<UUID>",
    "<UUID>",
    "<UUID>",
    "<UUID>",
    "<UUID>",
    "<UUID>",
    "<UUID>",
    "<UUID>",
    "<UUID>",
    "<UUID>",
    "<UUID>",
    "<UUID>",
    "<UUID>",
    "<UUID>",
    "<UUID>",
    "<UUID>",
    "<UUID>",
    "<UUID>",
    "<UUID>",
    "<UUID>",
    "<UUID>",
    "<UUID>",
    "<UUID>",
    "<UUID>",
    "<UUID>",
    "<UUID>",
    "<UUID>",
    "<UUID>",
    "<UUID>",
    "<UUID>",
    "<UUID>",
    "<UUID>",
    "<UUID>",
    "<UUID>",
    "<UUID>",
    "<UUID>",
    "<UUID>",
    "<UUID>",
    "<UUID>",
    "<UUID>",
    "<UUID>",
    "<UUID>",
    "<UUID>",
    "<UUID>",
    "<UUID>",
    "<UUID>",
    "<UUID>",
    "<UUID>",
    "<UUID>",
    "<UUID>",
    "<UUID>",
    "<UUID>",
    "<UUID>",
    "<UUID>",
    "<UUID>",
    "<UUID>",
    "<UUID>",
    "<UUID>",
    "<UUID>",
    "<UUID>",
    "<UUID>",
    "<UUID>",
    "<UUID>",
    "<UUID>",
    "<UUID>",
    "<UUID>",
    "<UUID>",
    "<UUID>",
    "<UUID>",
    "<UUID>",
    "<UUID>",
    "<UUID>",
    "<UUID>",
    "<UUID>",
    "<UUID>",
    "<UUID>",
    "<UUID>",
    "<UUID>",
    "<UUID>",
    "<UUID>",
    "<UUID>",
    "<UUID>",
    "<UUID>",
    "<UUID>",
    "<UUID>",
    "<UUID>",
    "<UUID>",
    "<UUID>",
    "<UUID>",
    "<UUID>",
    "<UUID>",
    "<UUID>",
    "<UUID>",
    "<UUID>",
    "<UUID>",
    "<UUID>",
    "<UUID>",
    "<UUID>",
    "<UUID>",
    "<UUID>",
    "<UUID>",
    "<UUID>",
    "<UUID>",
    "<UUID>",
    "<UUID>",
    "<UUID>",
    "<UUID>",
    "<UUID>",
    "<UUID>",
    "<UUID>",
    "<UUID>",
    "<UUID>",
    "<UUID>",
    "<UUID>",
    "<UUID>",
    "<UUID>",
    "<UUID>",
    "<UUID>",
    "<UUID>",
    "<UUID>",
    "<UUID>",
    "<UUID>",
    "<UUID>",
    "<UUID>",
    "<UUID>",
    "<UUID>",
    "<UUID>",
    "<UUID>",
    "<UUID>",
    "<UUID>",
    "<UUID>",
    "<UUID>",
    "<UUID>",
    "<UUID>",
    "<UUID>",
    "<UUID>",
    "<UUID>",
    "<UUID>",
    "<UUID>",
    "<UUID>",
    "<UUID>",
    "<UUID>",
    "<UUID>",
    "<UUID>",
    "<UUID>",
    "<UUID>",
    "<UUID>",
    "<UUID>",
    "<UUID>",
    "<UUID>",
    "<UUID>",
    "<UUID>",
    "<UUID>",
    "<UUID>",
    "<UUID>",
    "<UUID>",
    "<UUID>",
    "<UUID>",
    "<UUID>",
    "<UUID>",
    "<UUID>",
    "<UUID>",
    "<UUID>",
    "<UUID>",
    "<UUID>",
    "<UUID>",
    "<UUID>",
    "<UUID>",
    "<UUID>",
    "<UUID>",
    "<UUID>",
    "<UUID>",
    "<UUID>",
    "<UUID>",
    "<UUID>",
    "<UUID>",
    "<UUID>",
    "<UUID>",
    "<UUID>",
    "<UUID>",
    "<UUID>",
    "<UUID>",
    "<UUID>",
    "<UUID>",
    "<UUID>",
    "<UUID>",
    "<UUID>",
    "<UUID>",
    "<UUID>",
    "<UUID>",
    "<UUID>",
    "<UUID>",
    "<UUID>",
    "<UUID>",
    "<UUID>",
    "<UUID>",
    "<UUID>",
    "<UUID>",
    "<UUID>",
    "<UUID>",
    "<UUID>",
    "<UUID>",
    "<UUID>",
    "<UUID>",
    "<UUID>",
    "<UUID>",
    "<UUID>",
    "<UUID>",
    "<UUID>",
    "<UUID>",
    "<UUID>",
    "<UUID>",
    "<UUID>",
    "<UUID>",
    "<UUID>",
    "<UUID>",
    "<UUID>",
    "<UUID>",
    "<UUID>",
    "<UUID>",
    "<UUID>",
    "<UUID>",
    "<UUID>",
    "<UUID>",
    "<UUID>",
    "<UUID>",
    "<UUID>",
    "<UUID>",
    "<UUID>",
    "<UUID>",
    "<UUID>",
    "<UUID>",
    "<UUID>",
    "<UUID>",
    "<UUID>",
    "<UUID>",
    "<UUID>",
    "<UUID>",
    "<UUID>",
    "<UUID>",
    "<UUID>",
    "<UUID>",
    "<UUID>",
    "<UUID>",
    "<UUID>",
    "<UUID>",
    "<UUID>",
    "<UUID>",
    "<UUID>",
    "<UUID>",
    "<UUID>",
    "<UUID>",
    "<UUID>",
    "<UUID>",
    "<UUID>",
    "<UUID>",
    "<UUID>",
    "<UUID>",
    "<UUID>",
    "<UUID>",
    "<UUID>",
    "<UUID>",
    "<UUID>",
    "<UUID>",
    "<UUID>",
    "<UUID>",
    "<UUID>",
    "<UUID>",
    "<UUID>",
    "<UUID>",
    "<UUID>",
    "<UUID>",
    "<UUID>",
    "<UUID>",
    "<UUID>",
    "<UUID>",
    "<UUID>",
    "<UUID>",
    "<UUID>",
    "<UUID>",
    "<UUID>",
    "<UUID>",
    "<UUID>",
    "<UUID>",
    "<UUID>",
    "<UUID>",
    "<UUID>",
    "<UUID>",
    "<UUID>",
    "<UUID>",
    "<UUID>",
    "<UUID>",
    "<UUID>",
    "<UUID>",
    "<UUID>",
    "<UUID>",
    "<UUID>",
    "<UUID>",
    "<UUID>",
    "<UUID>",
    "<UUID>",
    "<UUID>",
    "<UUID>",
    "<UUID>",
    "<UUID>",
    "<UUID>",
    "<UUID>",
    "<UUID>",
    "<UUID>",
    "<UUID>",
    "<UUID>",
    "<UUID>",
    "<UUID>",
    "<UUID>",
    "<UUID>",
    "<UUID>",
    "<UUID>",
    "<UUID>",
    "<UUID>",
    "<UUID>",
    "<UUID>",
    "<UUID>",
    "<UUID>",
    "<UUID>",
    "<UUID>",
    "<UUID>",
    "<UUID>",
    "<UUID>",
    "<UUID>",
    "<UUID>",
    "<UUID>",
    "<UUID>",
    "<UUID>",
    "<UUID>",
    "<UUID>",
    "<UUID>",
    "<UUID>",
    "<UUID>",
    "<UUID>",
    "<UUID>",
    "<UUID>",
    "<UUID>",
    "<UUID>",
    "<UUID>",
    "<UUID>",
    "<UUID>",
    "<UUID>",
    "<UUID>",
    "<UUID>",
    "<UUID>",
    "<UUID>",
    "<UUID>",
    "<UUID>",
    "<UUID>",
    "<UUID>",
    "<UUID>",
    "<UUID>",
    "<UUID>",
    "<UUID>",
    "<UUID>",
    "<UUID>",
    "<UUID>",
    "<UUID>",
    "<UUID>",
    "<UUID>",
    "<UUID>",
    "<UUID>"
  ],
  "transport_lsp": [
    "<UUID>",
    "<UUID>",
    "<UUID>",
    "<UUID>",
    "<UUID>",
    "<UUID>",
    "<UUID>",
    "<UUID>",
    "<UUID>",
    "<UUID>",
    "<UUID>",
    "<UUID>",
    "<UUID>",
    "<UUID>",
    "<UUID>",
    "<UUID>",
    "<UUID>",
    "<UUID>",
    "<UUID>",
    "<UUID>",
    "<UUID>",
    "<UUID>",
    "<UUID>",
    "<UUID>",
    "<UUID>",
    "<UUID>",
    "<UUID>",
    "<UUID>",
    "<UUID>",
    "<UUID>",
    "<UUID>",
    "<UUID>",
    "<UUID>",
    "<UUID>",
    "<UUID>",
    "<UUID>",
    "<UUID>",
    "<UUID>",
    "<UUID>",
    "<UUID>",
    "<UUID>",
    "<UUID>",
    "<UUID>",
    "<UUID>",
    "<UUID>",
    "<UUID>",
    "<UUID>",
    "<UUID>",
    "<UUID>",
    "<UUID>",
    "<UUID>",
    "<UUID>",
    "<UUID>",
    "<UUID>",
    "<UUID>",
    "<UUID>",
    "<UUID>",
    "<UUID>",
    "<UUID>",
    "<UUID>",
    "<UUID>",
    "<UUID>",
    "<UUID>",
    "<UUID>",
    "<UUID>",
    "<UUID>",
    "<UUID>",
    "<UUID>",
    "<UUID>",
    "<UUID>",
    "<UUID>",
    "<UUID>",
    "<UUID>",
    "<UUID>",
    "<UUID>",
    "<UUID>",
    "<UUID>",
    "<UUID>",
    "<UUID>",
    "<UUID>",
    "<UUID>",
    "<UUID>",
    "<UUID>",
    "<UUID>",
    "<UUID>",
    "<UUID>",
    "<UUID>",
    "<UUID>",
    "<UUID>",
    "<UUID>",
    "<UUID>",
    "<UUID>",
    "<UUID>",
    "<UUID>",
    "<UUID>",
    "<UUID>",
    "<UUID>",
    "<UUID>",
    "<UUID>",
    "<UUID>",
    "<UUID>",
    "<UUID>",
    "<UUID>",
    "<UUID>",
    "<UUID>",
    "<UUID>",
    "<UUID>",
    "<UUID>",
    "<UUID>",
    "<UUID>",
    "<UUID>",
    "<UUID>",
    "<UUID>",
    "<UUID>",
    "<UUID>",
    "<UUID>",
    "<UUID>",
    "<UUID>",
    "<UUID>",
    "<UUID>",
    "<UUID>",
    "<UUID>",
    "<UUID>",
    "<UUID>",
    "<UUID>",
    "<UUID>",
    "<UUID>",
    "<UUID>",
    "<UUID>",
    "<UUID>",
    "<UUID>",
    "<UUID>",
    "<UUID>",
    "<UUID>",
    "<UUID>",
    "<UUID>",
    "<UUID>",
    "<UUID>",
    "<UUID>",
    "<UUID>",
    "<UUID>",
    "<UUID>",
    "<UUID>",
    "<UUID>",
    "<UUID>",
    "<UUID>",
    "<UUID>",
    "<UUID>",
    "<UUID>",
    "<UUID>",
    "<UUID>",
    "<UUID>",
    "<UUID>",
    "<UUID>",
    "<UUID>",
    "<UUID>",
    "<UUID>",
    "<UUID>",
    "<UUID>",
    "<UUID>",
    "<UUID>",
    "<UUID>",
    "<UUID>",
    "<UUID>",
    "<UUID>",
    "<UUID>",
    "<UUID>",
    "<UUID>",
    "<UUID>",
    "<UUID>",
    "<UUID>",
    "<UUID>",
    "<UUID>",
    "<UUID>",
    "<UUID>",
    "<UUID>",
    "<UUID>",
    "<UUID>",
    "<UUID>",
    "<UUID>",
    "<UUID>",
    "<UUID>",
    "<UUID>",
    "<UUID>",
    "<UUID>",
    "<UUID>",
    "<UUID>",
    "<UUID>",
    "<UUID>",
    "<UUID>",
    "<UUID>",
    "<UUID>",
    "<UUID>",
    "<UUID>",
    "<UUID>",
    "<UUID>",
    "<UUID>",
    "<UUID>",
    "<UUID>",
    "<UUID>",
    "<UUID>",
    "<UUID>",
    "<UUID>",
    "<UUID>",
    "<UUID>",
    "<UUID>",
    "<UUID>",
    "<UUID>",
    "<UUID>",
    "<UUID>",
    "<UUID>",
    "<UUID>",
    "<UUID>",
    "<UUID>",
    "<UUID>",
    "<UUID>",
    "<UUID>",
    "<UUID>",
    "<UUID>",
    "<UUID>",
    "<UUID>",
    "<UUID>",
    "<UUID>",
    "<UUID>",
    "<UUID>",
    "<UUID>",
    "<UUID>",
    "<UUID>",
    "<UUID>",
    "<UUID>",
    "<UUID>",
    "<UUID>",
    "<UUID>",
    "<UUID>",
    "<UUID>",
    "<UUID>",
    "<UUID>",
    "<UUID>",
    "<UUID>",
    "<UUID>",
    "<UUID>",
    "<UUID>",
    "<UUID>",
    "<UUID>",
    "<UUID>",
    "<UUID>",
    "<UUID>",
    "<UUID>",
    "<UUID>",
    "<UUID>",
    "<UUID>",
    "<UUID>",
    "<UUID>",
    "<UUID>",
    "<UUID>",
    "<UUID>",
    "<UUID>",
    "<UUID>",
    "<UUID>",
    "<UUID>",
    "<UUID>",
    "<UUID>",
    "<UUID>",
    "<UUID>",
    "<UUID>",
    "<UUID>",
    "<UUID>",
    "<UUID>",
    "<UUID>",
    "<UUID>",
    "<UUID>",
    "<UUID>",
    "<UUID>",
    "<UUID>",
    "<UUID>",
    "<UUID>",
    "<UUID>",
    "<UUID>",
    "<UUID>",
    "<UUID>",
    "<UUID>",
    "<UUID>",
    "<UUID>",
    "<UUID>",
    "<UUID>",
    "<UUID>",
    "<UUID>",
    "<UUID>",
    "<UUID>",
    "<UUID>",
    "<UUID>",
    "<UUID>",
    "<UUID>",
    "<UUID>",
    "<UUID>",
    "<UUID>",
    "<UUID>",
    "<UUID>",
    "<UUID>",
    "<UUID>",
    "<UUID>",
    "<UUID>",
    "<UUID>",
    "<UUID>",
    "<UUID>",
    "<UUID>",
    "<UUID>",
    "<UUID>",
    "<UUID>",
    "<UUID>",
    "<UUID>",
    "<UUID>",
    "<UUID>",
    "<UUID>",
    "<UUID>",
    "<UUID>",
    "<UUID>",
    "<UUID>",
    "<UUID>",
    "<UUID>",
    "<UUID>",
    "<UUID>",
    "<UUID>",
    "<UUID>",
    "<UUID>",
    "<UUID>",
    "<UUID>",
    "<UUID>",
    "<UUID>",
    "<UUID>",
    "<UUID>",
    "<UUID>",
    "<UUID>",
    "<UUID>",
    "<UUID>",
    "<UUID>",
    "<UUID>",
    "<UUID>",
    "<UUID>",
    "<UUID>",
    "<UUID>",
    "<UUID>",
    "<UUID>",
    "<UUID>",
    "<UUID>",
    "<UUID>",
    "<UUID>",
    "<UUID>",
    "<UUID>",
    "<UUID>",
    "<UUID>",
    "<UUID>",
    "<UUID>",
    "<UUID>",
    "<UUID>",
    "<UUID>",
    "<UUID>",
    "<UUID>",
    "<UUID>",
    "<UUID>",
    "<UUID>",
    "<UUID>",
    "<UUID>",
    "<UUID>",
    "<UUID>",
    "<UUID>",
    "<UUID>",
    "<UUID>",
    "<UUID>",
    "<UUID>",
    "<UUID>",
    "<UUID>",
    "<UUID>",
    "<UUID>",
    "<UUID>",
    "<UUID>",
    "<UUID>",
    "<UUID>",
    "<UUID>",
    "<UUID>",
    "<UUID>",
    "<UUID>",
    "<UUID>",
    "<UUID>",
    "<UUID>",
    "<UUID>",
    "<UUID>",
    "<UUID>",
    "<UUID>",
    "<UUID>",
    "<UUID>",
    "<UUID>",
    "<UUID>",
    "<UUID>",
    "<UUID>",
    "<UUID>",
    "<UUID>",
    "<UUID>",
    "<UUID>",
    "<UUID>",
    "<UUID>",
    "<UUID>",
    "<UUID>",
    "<UUID>",
    "<UUID>",
    "<UUID>",
    "<UUID>",
    "<UUID>",
    "<UUID>",
    "<UUID>",
    "<UUID>",
    "<UUID>",
    "<UUID>",
    "<UUID>",
    "<UUID>",
    "<UUID>",
    "<UUID>",
    "<UUID>",
    "<UUID>",
    "<UUID>",
    "<UUID>",
    "<UUID>",
    "<UUID>",
    "<UUID>",
    "<UUID>",
    "<UUID>",
    "<UUID>",
    "<UUID>",
    "<UUID>",
    "<UUID>",
    "<UUID>",
    "<UUID>",
    "<UUID>",
    "<UUID>",
    "<UUID>",
    "<UUID>",
    "<UUID>",
    "<UUID>",
    "<UUID>",
    "<UUID>",
    "<UUID>",
    "<UUID>",
    "<UUID>",
    "<UUID>",
    "<UUID>",
    "<UUID>",
    "<UUID>"
  ],
  "transport_rest": [
    "<UUID>",
    "<UUID>",
    "<UUID>",
    "<UUID>",
    "<UUID>",
    "<UUID>",
    "<UUID>",
    "<UUID>",
    "<UUID>",
    "<UUID>",
    "<UUID>",
    "<UUID>",
    "<UUID>",
    "<UUID>",
    "<UUID>",
    "<UUID>",
    "<UUID>",
    "<UUID>",
    "<UUID>",
    "<UUID>",
    "<UUID>",
    "<UUID>",
    "<UUID>",
    "<UUID>",
    "<UUID>",
    "<UUID>",
    "<UUID>",
    "<UUID>",
    "<UUID>",
    "<UUID>",
    "<UUID>",
    "<UUID>",
    "<UUID>",
    "<UUID>",
    "<UUID>",
    "<UUID>",
    "<UUID>",
    "<UUID>",
    "<UUID>",
    "<UUID>",
    "<UUID>",
    "<UUID>",
    "<UUID>",
    "<UUID>",
    "<UUID>",
    "<UUID>",
    "<UUID>",
    "<UUID>",
    "<UUID>",
    "<UUID>",
    "<UUID>",
    "<UUID>",
    "<UUID>",
    "<UUID>",
    "<UUID>",
    "<UUID>",
    "<UUID>",
    "<UUID>",
    "<UUID>",
    "<UUID>",
    "<UUID>",
    "<UUID>",
    "<UUID>",
    "<UUID>",
    "<UUID>",
    "<UUID>",
    "<UUID>",
    "<UUID>",
    "<UUID>",
    "<UUID>",
    "<UUID>",
    "<UUID>",
    "<UUID>",
    "<UUID>",
    "<UUID>",
    "<UUID>",
    "<UUID>",
    "<UUID>",
    "<UUID>",
    "<UUID>",
    "<UUID>",
    "<UUID>",
    "<UUID>",
    "<UUID>",
    "<UUID>",
    "<UUID>",
    "<UUID>",
    "<UUID>",
    "<UUID>",
    "<UUID>",
    "<UUID>",
    "<UUID>",
    "<UUID>",
    "<UUID>",
    "<UUID>",
    "<UUID>",
    "<UUID>",
    "<UUID>",
    "<UUID>",
    "<UUID>",
    "<UUID>",
    "<UUID>",
    "<UUID>",
    "<UUID>",
    "<UUID>",
    "<UUID>",
    "<UUID>",
    "<UUID>",
    "<UUID>",
    "<UUID>",
    "<UUID>",
    "<UUID>",
    "<UUID>",
    "<UUID>",
    "<UUID>",
    "<UUID>",
    "<UUID>",
    "<UUID>",
    "<UUID>",
    "<UUID>",
    "<UUID>",
    "<UUID>",
    "<UUID>",
    "<UUID>",
    "<UUID>",
    "<UUID>",
    "<UUID>",
    "<UUID>",
    "<UUID>",
    "<UUID>",
    "<UUID>",
    "<UUID>",
    "<UUID>",
    "<UUID>",
    "<UUID>",
    "<UUID>",
    "<UUID>",
    "<UUID>",
    "<UUID>",
    "<UUID>",
    "<UUID>",
    "<UUID>",
    "<UUID>",
    "<UUID>",
    "<UUID>",
    "<UUID>",
    "<UUID>",
    "<UUID>",
    "<UUID>",
    "<UUID>",
    "<UUID>",
    "<UUID>",
    "<UUID>",
    "<UUID>",
    "<UUID>",
    "<UUID>",
    "<UUID>",
    "<UUID>",
    "<UUID>",
    "<UUID>",
    "<UUID>",
    "<UUID>",
    "<UUID>",
    "<UUID>",
    "<UUID>",
    "<UUID>",
    "<UUID>",
    "<UUID>",
    "<UUID>",
    "<UUID>",
    "<UUID>",
    "<UUID>",
    "<UUID>",
    "<UUID>",
    "<UUID>",
    "<UUID>",
    "<UUID>",
    "<UUID>",
    "<UUID>",
    "<UUID>",
    "<UUID>",
    "<UUID>",
    "<UUID>",
    "<UUID>",
    "<UUID>",
    "<UUID>",
    "<UUID>",
    "<UUID>",
    "<UUID>",
    "<UUID>",
    "<UUID>",
    "<UUID>",
    "<UUID>",
    "<UUID>",
    "<UUID>",
    "<UUID>",
    "<UUID>",
    "<UUID>",
    "<UUID>",
    "<UUID>",
    "<UUID>",
    "<UUID>",
    "<UUID>",
    "<UUID>",
    "<UUID>",
    "<UUID>",
    "<UUID>",
    "<UUID>",
    "<UUID>",
    "<UUID>",
    "<UUID>",
    "<UUID>",
    "<UUID>",
    "<UUID>",
    "<UUID>",
    "<UUID>",
    "<UUID>",
    "<UUID>",
    "<UUID>",
    "<UUID>",
    "<UUID>",
    "<UUID>",
    "<UUID>",
    "<UUID>",
    "<UUID>",
    "<UUID>",
    "<UUID>",
    "<UUID>",
    "<UUID>",
    "<UUID>",
    "<UUID>",
    "<UUID>",
    "<UUID>",
    "<UUID>",
    "<UUID>",
    "<UUID>",
    "<UUID>",
    "<UUID>",
    "<UUID>",
    "<UUID>",
    "<UUID>",
    "<UUID>",
    "<UUID>",
    "<UUID>",
    "<UUID>",
    "<UUID>",
    "<UUID>",
    "<UUID>",
    "<UUID>",
    "<UUID>",
    "<UUID>",
    "<UUID>",
    "<UUID>",
    "<UUID>",
    "<UUID>",
    "<UUID>",
    "<UUID>",
    "<UUID>",
    "<UUID>",
    "<UUID>",
    "<UUID>",
    "<UUID>",
    "<UUID>",
    "<UUID>",
    "<UUID>",
    "<UUID>",
    "<UUID>",
    "<UUID>",
    "<UUID>",
    "<UUID>",
    "<UUID>",
    "<UUID>",
    "<UUID>",
    "<UUID>",
    "<UUID>",
    "<UUID>",
    "<UUID>",
    "<UUID>",
    "<UUID>",
    "<UUID>",
    "<UUID>",
    "<UUID>",
    "<UUID>",
    "<UUID>",
    "<UUID>",
    "<UUID>",
    "<UUID>",
    "<UUID>",
    "<UUID>",
    "<UUID>",
    "<UUID>",
    "<UUID>",
    "<UUID>",
    "<UUID>",
    "<UUID>",
    "<UUID>",
    "<UUID>",
    "<UUID>",
    "<UUID>",
    "<UUID>",
    "<UUID>",
    "<UUID>",
    "<UUID>",
    "<UUID>",
    "<UUID>",
    "<UUID>",
    "<UUID>",
    "<UUID>",
    "<UUID>",
    "<UUID>",
    "<UUID>",
    "<UUID>",
    "<UUID>",
    "<UUID>",
    "<UUID>",
    "<UUID>",
    "<UUID>",
    "<UUID>",
    "<UUID>",
    "<UUID>",
    "<UUID>",
    "<UUID>",
    "<UUID>",
    "<UUID>",
    "<UUID>",
    "<UUID>",
    "<UUID>",
    "<UUID>",
    "<UUID>",
    "<UUID>",
    "<UUID>",
    "<UUID>",
    "<UUID>",
    "<UUID>",
    "<UUID>",
    "<UUID>",
    "<UUID>",
    "<UUID>",
    "<UUID>",
    "<UUID>",
    "<UUID>",
    "<UUID>",
    "<UUID>",
    "<UUID>",
    "<UUID>",
    "<UUID>",
    "<UUID>",
    "<UUID>",
    "<UUID>",
    "<UUID>",
    "<UUID>",
    "<UUID>",
    "<UUID>",
    "<UUID>",
    "<UUID>",
    "<UUID>",
    "<UUID>",
    "<UUID>",
    "<UUID>",
    "<UUID>",
    "<UUID>",
    "<UUID>",
    "<UUID>",
    "<UUID>",
    "<UUID>",
    "<UUID>",
    "<UUID>",
    "<UUID>",
    "<UUID>",
    "<UUID>",
    "<UUID>",
    "<UUID>",
    "<UUID>",
    "<UUID>",
    "<UUID>",
    "<UUID>",
    "<UUID>",
    "<UUID>",
    "<UUID>",
    "<UUID>",
    "<UUID>",
    "<UUID>",
    "<UUID>",
    "<UUID>",
    "<UUID>",
    "<UUID>",
    "<UUID>",
    "<UUID>",
    "<UUID>",
    "<UUID>",
    "<UUID>",
    "<UUID>",
    "<UUID>",
    "<UUID>",
    "<UUID>",
    "<UUID>",
    "<UUID>",
    "<UUID>",
    "<UUID>",
    "<UUID>",
    "<UUID>",
    "<UUID>",
    "<UUID>",
    "<UUID>",
    "<UUID>",
    "<UUID>",
    "<UUID>",
    "<UUID>",
    "<UUID>",
    "<UUID>",
    "<UUID>",
    "<UUID>",
    "<UUID>",
    "<UUID>",
    "<UUID>",
    "<UUID>",
    "<UUID>",
    "<UUID>",
    "<UUID>",
    "<UUID>",
    "<UUID>",
    "<UUID>",
    "<UUID>",
    "<UUID>",
    "<UUID>",
    "<UUID>",
    "<UUID>",
    "<UUID>",
    "<UUID>",
    "<UUID>",
    "<UUID>",
    "<UUID>",
    "<UUID>",
    "<UUID>",
    "<UUID>",
    "<UUID>",
    "<UUID>",
    "<UUID>",
    "<UUID>",
    "<UUID>",
    "<UUID>",
    "<UUID>",
    "<UUID>",
    "<UUID>",
    "<UUID>",
    "<UUID>",
    "<UUID>"
  ]
}
