---
source: crates/testing/sysml-spec-tests/tests/service_command_baseline.rs
assertion_line: 1150
expression: bundle
---
{
  "request": {
    "id": "<UUID>",
    "uri": "<BOOK>/examples/coffee-machine/views.sysml"
  },
  "response": {
    "id": "<UUID>",
    "kind": "ViewDefinition",
    "name": "BrewSequenceView",
    "name_span": {
      "col": 13,
      "end": 5648,
      "file":"<FILE>",
      "line": 110,
      "start": 5632
    },
    "owner": "<UUID>",
    "owning_membership": "<UUID>",
    "spans": [
      {
        "col": 4,
        "end": 5714,
        "file":"<FILE>",
        "line": 110,
        "start": 5623
      }
    ]
  }
}
