---
source: crates/testing/sysml-spec-tests/tests/service_command_baseline.rs
expression: bundle
---
{
  "request": {
    "uri": "<WS>/examples/the-book-corpus/coffee-machine/views.sysml"
  },
  "response": {
    "elements_by_kind": {
      "Documentation": 3,
      "ElementFilterMembership": 3,
      "Feature": 26,
      "FeatureReferenceExpression": 8,
      "FeatureTyping": 8,
      "FeatureValue": 26,
      "LiteralString": 8,
      "MembershipExpose": 3,
      "NamespaceExpose": 3,
      "NamespaceImport": 2,
      "OperatorExpression": 13,
      "OwningMembership": 134,
      "Package": 1,
      "PartDefinition": 3,
      "RenderingDefinition": 2,
      "SatisfyRequirementUsage": 3,
      "StakeholderMembership": 3,
      "Subclassification": 4,
      "ViewDefinition": 4,
      "ViewRenderingMembership": 4,
      "ViewUsage": 5,
      "ViewpointDefinition": 3
    },
    "relationships_by_kind": {},
    "total_elements": 269,
    "total_relationships": 0
  }
}
