---
source: crates/testing/sysml-spec-tests/tests/service_command_baseline.rs
expression: bundle
---
{
  "request": {
    "element_id": "<UUID>",
    "uri": "<WS>/examples/the-book-corpus/coffee-machine/views.sysml"
  },
  "response": {
    "documentation_markdown": "4) Action-flow view — the brew cycle, ordered by control flow.\nDifferent supertype, different shape; no other change."
  }
}
