---
source: crates/testing/sysml-spec-tests/tests/service_command_baseline.rs
assertion_line: 1150
expression: bundle
---
{
  "request": {
    "uri": "<BOOK>/examples/coffee-machine/views.sysml"
  },
  "response": [
    {
      "code": "VC010",
      "message": "satisfy requirement '<UUID>' references unknown requirement 'SafetyComplianceViewpoint'",
      "notes": [
        "check that the requirement name matches exactly"
      ],
      "related": [],
      "severity": "error",
      "span": {
        "col": 8,
        "end": 4338,
        "file":"<FILE>",
        "line": 78,
        "start": 4304
      },
      "tier": "Parse"
    },
    {
      "code": "VC010",
      "message": "satisfy requirement '<UUID>' references unknown requirement 'StructuralCompletenessViewpoint'",
      "notes": [
        "check that the requirement name matches exactly"
      ],
      "related": [],
      "severity": "error",
      "span": {
        "col": 8,
        "end": 3896,
        "file":"<FILE>",
        "line": 66,
        "start": 3856
      },
      "tier": "Parse"
    },
    {
      "code": "VC010",
      "message": "satisfy requirement '<UUID>' references unknown requirement 'VerificationCoverageViewpoint'",
      "notes": [
        "check that the requirement name matches exactly"
      ],
      "related": [],
      "severity": "error",
      "span": {
        "col": 8,
        "end": 5115,
        "file":"<FILE>",
        "line": 95,
        "start": 5077
      },
      "tier": "Parse"
    }
  ]
}
