---
source: crates/testing/sysml-spec-tests/tests/service_command_baseline.rs
expression: bundle
---
{
  "request": {
    "id": "<UUID>",
    "uri": "<WS>/examples/the-book-corpus/coffee-machine/views.sysml"
  },
  "response": {
    "id": "<UUID>",
    "kind": "ViewDefinition",
    "name": "BrewSequenceView",
    "name_span": {
      "col": 13,
      "end": 6627,
      "file":"<FILE>",
      "line": 123,
      "start": 6611
    },
    "owner": "<UUID>",
    "owning_membership": "<UUID>",
    "spans": [
      {
        "col": 4,
        "end": 6740,
        "file":"<FILE>",
        "line": 123,
        "start": 6602
      }
    ]
  }
}
