---
source: crates/testing/sysml-spec-tests/tests/service_command_baseline.rs
expression: bundle
---
{
  "request": {},
  "response": [
    "file://<WS>/examples/the-book-corpus/coffee-machine/actions.sysml",
    "file://<WS>/examples/the-book-corpus/coffee-machine/book-views.sysml",
    "file://<WS>/examples/the-book-corpus/coffee-machine/brew-cycle-flow.sysml",
    "file://<WS>/examples/the-book-corpus/coffee-machine/calculations.sysml",
    "file://<WS>/examples/the-book-corpus/coffee-machine/connections.sysml",
    "file://<WS>/examples/the-book-corpus/coffee-machine/definitions.sysml",
    "file://<WS>/examples/the-book-corpus/coffee-machine/demo-analysis.sysml",
    "file://<WS>/examples/the-book-corpus/coffee-machine/flows.sysml",
    "file://<WS>/examples/the-book-corpus/coffee-machine/metadata.sysml",
    "file://<WS>/examples/the-book-corpus/coffee-machine/orchestration.sysml",
    "file://<WS>/examples/the-book-corpus/coffee-machine/package-structure.sysml",
    "file://<WS>/examples/the-book-corpus/coffee-machine/ports-and-interfaces.sysml",
    "file://<WS>/examples/the-book-corpus/coffee-machine/requirements.sysml",
    "file://<WS>/examples/the-book-corpus/coffee-machine/states.sysml",
    "file://<WS>/examples/the-book-corpus/coffee-machine/typing-and-specialization.sysml",
    "file://<WS>/examples/the-book-corpus/coffee-machine/views.sysml"
  ]
}
